\BOOKMARK [1][-]{section.1}{\376\377\000I\000n\000t\000r\000o\000d\000u\000c\000c\000i\000\363\000n}{}% 1
\BOOKMARK [2][-]{subsection.1.1}{\376\377\000M\000o\000t\000i\000v\000a\000c\000i\000\363\000n\000\040\000y\000\040\000m\000e\000r\000c\000a\000d\000o}{section.1}% 2
\BOOKMARK [2][-]{subsection.1.2}{\376\377\000P\000r\000o\000p\000u\000e\000s\000t\000a}{section.1}% 3
\BOOKMARK [1][-]{section.2}{\376\377\000O\000b\000j\000e\000t\000i\000v\000o\000s\000\040\000y\000\040\000b\000e\000n\000e\000f\000i\000c\000i\000a\000r\000i\000o\000s}{}% 4
\BOOKMARK [1][-]{section.3}{\376\377\000D\000e\000s\000c\000r\000i\000p\000c\000i\000\363\000n\000\040\000d\000e\000\040\000l\000a\000\040\000t\000a\000r\000e\000a\000\040\000y\000\040\000e\000s\000p\000e\000c\000i\000f\000i\000c\000a\000c\000i\000o\000n\000e\000s\000\040\000d\000e\000l\000\040\000r\000o\000b\000o\000t}{}% 5
\BOOKMARK [1][-]{section.4}{\376\377\000D\000i\000s\000e\000\361\000o\000\040\000c\000o\000n\000c\000e\000p\000t\000u\000a\000l\000\040\000p\000r\000e\000l\000i\000m\000i\000n\000a\000r}{}% 6
\BOOKMARK [1][-]{section.5}{\376\377\000M\000o\000d\000e\000l\000a\000d\000o\000\040\000c\000i\000n\000e\000m\000\341\000t\000i\000c\000o}{}% 7
\BOOKMARK [2][-]{subsection.5.1}{\376\377\000M\000o\000d\000e\000l\000a\000d\000o\000\040\000c\000i\000n\000e\000m\000\341\000t\000i\000c\000o}{section.5}% 8
\BOOKMARK [2][-]{subsection.5.2}{\376\377\000A\000n\000\341\000l\000i\000s\000i\000s\000\040\000y\000\040\000v\000e\000r\000i\000f\000i\000c\000a\000c\000i\000\363\000n\000\040\000d\000e\000\040\000e\000s\000p\000a\000c\000i\000o\000\040\000d\000e\000\040\000t\000r\000a\000b\000a\000j\000o\000\040}{section.5}% 9
\BOOKMARK [2][-]{subsection.5.3}{\376\377\000C\000i\000n\000e\000m\000\341\000t\000i\000c\000a\000\040\000i\000n\000v\000e\000r\000s\000a}{section.5}% 10
\BOOKMARK [2][-]{subsection.5.4}{\376\377\000A\000n\000\341\000l\000i\000s\000i\000s\000\040\000d\000e\000\040\000s\000i\000n\000g\000u\000l\000a\000r\000i\000d\000a\000d\000e\000s}{section.5}% 11
\BOOKMARK [1][-]{section.6}{\376\377\000P\000l\000a\000n\000i\000f\000i\000c\000a\000c\000i\000\363\000n\000\040\000d\000e\000\040\000t\000r\000a\000y\000e\000c\000t\000o\000r\000i\000a\000s}{}% 12
\BOOKMARK [2][-]{subsection.6.1}{\376\377\000G\000e\000n\000e\000r\000a\000c\000i\000\363\000n\000\040\000d\000e\000\040\000t\000r\000a\000y\000e\000c\000t\000o\000r\000i\000a\000s}{section.6}% 13
\BOOKMARK [2][-]{subsection.6.2}{\376\377\000E\000s\000c\000a\000l\000a\000m\000i\000e\000n\000t\000o\000\040\000d\000e\000\040\000v\000e\000l\000o\000c\000i\000d\000a\000d\000e\000s\000\040\000y\000\040\000a\000c\000e\000l\000e\000r\000a\000c\000i\000o\000n\000e\000s}{section.6}% 14
\BOOKMARK [1][-]{section.7}{\376\377\000D\000i\000s\000e\000\361\000o\000\040\000y\000\040\000a\000d\000a\000p\000t\000a\000c\000i\000\363\000n\000\040\000d\000e\000\040\000C\000A\000D}{}% 15
\BOOKMARK [2][-]{subsection.7.1}{\376\377\000V\000i\000s\000u\000a\000l\000i\000z\000a\000c\000i\000\363\000n\000\040\000d\000e\000l\000\040\000m\000o\000d\000e\000l\000o\000\040\000e\000n\000\040\000M\000A\000T\000L\000A\000B}{section.7}% 16
\BOOKMARK [2][-]{subsection.7.2}{\376\377\000D\000i\000s\000e\000\361\000o\000\040\000d\000e\000\040\000p\000i\000e\000z\000a\000s\000\040\000e\000n\000\040\000F\000u\000s\000i\000o\000n\000\040\0003\0006\0000}{section.7}% 17
\BOOKMARK [3][-]{subsubsection.7.2.1}{\376\377\000B\000a\000s\000e}{subsection.7.2}% 18
\BOOKMARK [3][-]{subsubsection.7.2.2}{\376\377\000E\000s\000l\000a\000b\000\363\000n\000\040\0001}{subsection.7.2}% 19
\BOOKMARK [3][-]{subsubsection.7.2.3}{\376\377\000E\000s\000l\000a\000b\000\363\000n\000\040\0002}{subsection.7.2}% 20
\BOOKMARK [3][-]{subsubsection.7.2.4}{\376\377\000E\000s\000l\000a\000b\000\363\000n\000\040\0003}{subsection.7.2}% 21
\BOOKMARK [3][-]{subsubsection.7.2.5}{\376\377\000E\000s\000l\000a\000b\000\363\000n\000\040\0004}{subsection.7.2}% 22
\BOOKMARK [3][-]{subsubsection.7.2.6}{\376\377\000E\000s\000l\000a\000b\000\363\000n\000\040\0005}{subsection.7.2}% 23
\BOOKMARK [3][-]{subsubsection.7.2.7}{\376\377\000E\000s\000l\000a\000b\000\363\000n\000\040\0006\000\040\040\023\000\040\000H\000e\000r\000r\000a\000m\000i\000e\000n\000t\000a}{subsection.7.2}% 24
\BOOKMARK [2][-]{subsection.7.3}{\376\377\000D\000i\000s\000e\000\361\000o\000\040\000a\000l\000t\000e\000r\000n\000a\000t\000i\000v\000o\000:\000\040\000a\000p\000e\000r\000t\000u\000r\000a\000\040\000u\000n\000i\000d\000i\000r\000e\000c\000c\000i\000o\000n\000a\000l\000\040\000d\000e\000\040\000e\000s\000l\000a\000b\000o\000n\000e\000s}{section.7}% 25
\BOOKMARK [1][-]{section.8}{\376\377\000S\000i\000m\000u\000l\000a\000c\000i\000\363\000n\000\040\000y\000\040\000v\000e\000r\000i\000f\000i\000c\000a\000c\000i\000\363\000n\000\040\000d\000e\000\040\000t\000a\000r\000e\000a}{}% 26
\BOOKMARK [1][-]{section.9}{\376\377\000I\000n\000t\000e\000g\000r\000a\000c\000i\000\363\000n\000\040\000e\000n\000\040\000e\000n\000t\000o\000r\000n\000o\000\040\000R\000O\000S\0002}{}% 27
\BOOKMARK [1][-]{section.1.A}{\376\377\000V\000e\000r\000i\000f\000i\000c\000a\000c\000i\000\363\000n\000\040\000y\000\040\000V\000a\000l\000i\000d\000a\000c\000i\000\363\000n\000\040\000d\000e\000\040\000M\000\363\000d\000u\000l\000o\000s\000\040\000d\000e\000\040\000S\000o\000f\000t\000w\000a\000r\000e\000\040\000d\000e\000\040\000M\000A\000T\000L\000A\000B}{}% 28
\BOOKMARK [2][-]{subsection.1.A.1}{\376\377\000C\000i\000n\000e\000m\000\341\000t\000i\000c\000a\000\040\000I\000n\000v\000e\000r\000s\000a}{section.1.A}% 29
\BOOKMARK [2][-]{subsection.1.A.2}{\376\377\000S\000i\000n\000g\000u\000l\000a\000r\000i\000d\000a\000d\000e\000s}{section.1.A}% 30
\BOOKMARK [2][-]{subsection.1.A.3}{\376\377\000G\000e\000n\000e\000r\000a\000c\000i\000\363\000n\000\040\000d\000e\000\040\000t\000r\000a\000y\000e\000c\000t\000o\000r\000i\000a\000s}{section.1.A}% 31
\BOOKMARK [2][-]{subsection.1.A.4}{\376\377\000N\000o\000m\000b\000r\000e\000\040\000d\000e\000l\000\040\000M\000\363\000d\000u\000l\000o\000\040\0001}{section.1.A}% 32
\BOOKMARK [2][-]{subsection.1.A.5}{\376\377\000N\000o\000m\000b\000r\000e\000\040\000d\000e\000l\000\040\000M\000\363\000d\000u\000l\000o\000\040\0001}{section.1.A}% 33
\BOOKMARK [1][-]{section.1.B}{\376\377\000C\000\363\000d\000i\000g\000o\000s\000\040\000M\000A\000T\000L\000A\000B}{}% 34
\BOOKMARK [2][-]{subsection.1.B.1}{\376\377\000m\000a\000i\000n\000.\000m}{section.1.B}% 35
\BOOKMARK [2][-]{subsection.1.B.2}{\376\377\000f\000l\000a\000g\000s\000.\000m}{section.1.B}% 36
\BOOKMARK [2][-]{subsection.1.B.3}{\376\377\000c\000o\000n\000f\000i\000g\000.\000m}{section.1.B}% 37
\BOOKMARK [2][-]{subsection.1.B.4}{\376\377\000r\000o\000b\000o\000t\000\137\0001\000.\000m}{section.1.B}% 38
\BOOKMARK [2][-]{subsection.1.B.5}{\376\377\000i\000n\000v\000\137\000k\000i\000n\000e\000m\000a\000t\000i\000c\000s\000.\000m}{section.1.B}% 39
\BOOKMARK [2][-]{subsection.1.B.6}{\376\377\000g\000e\000n\000\137\000t\000r\000a\000j\000.\000m}{section.1.B}% 40
\BOOKMARK [2][-]{subsection.1.B.7}{\376\377\000t\000a\000r\000e\000a\000.\000m}{section.1.B}% 41
\BOOKMARK [2][-]{subsection.1.B.8}{\376\377\000i\000k\000\137\000c\000o\000m\000p\000a\000r\000i\000s\000o\000n\000.\000m}{section.1.B}% 42
\BOOKMARK [2][-]{subsection.1.B.9}{\376\377\000s\000c\000a\000l\000e\000.\000m}{section.1.B}% 43
\BOOKMARK [2][-]{subsection.1.B.10}{\376\377\000s\000y\000m\000\137\0001\000.\000m}{section.1.B}% 44
\BOOKMARK [2][-]{subsection.1.B.11}{\376\377\000t\000e\000s\000t\000\137\000w\000o\000r\000k\000s\000p\000a\000c\000e\000.\000m}{section.1.B}% 45
\BOOKMARK [2][-]{subsection.1.B.12}{\376\377\000t\000e\000s\000t\000\137\000i\000n\000v\000\137\000k\000i\000n\000e\000m\000a\000t\000i\000c\000s\000.\000m}{section.1.B}% 46
\BOOKMARK [2][-]{subsection.1.B.13}{\376\377\000t\000e\000s\000t\000\137\000s\000i\000n\000g\000u\000l\000a\000r\000i\000t\000i\000e\000s\000.\000m}{section.1.B}% 47
\BOOKMARK [2][-]{subsection.1.B.14}{\376\377\000t\000e\000s\000t\000\137\000g\000e\000n\000\137\000t\000r\000a\000j\000.\000m}{section.1.B}% 48
\BOOKMARK [2][-]{subsection.1.B.15}{\376\377\000m\000y\000A\000n\000i\000m\000a\000t\000e\000.\000m}{section.1.B}% 49
\BOOKMARK [2][-]{subsection.1.B.16}{\376\377\000g\000r\000a\000f\000Q\000.\000m}{section.1.B}% 50
\BOOKMARK [2][-]{subsection.1.B.17}{\376\377\000g\000r\000a\000f\000Q\000a\000E\000.\000m}{section.1.B}% 51
\BOOKMARK [2][-]{subsection.1.B.18}{\376\377\000g\000r\000a\000f\000S\000c\000a\000l\000i\000n\000g\000.\000m}{section.1.B}% 52
